==========Options==========
1) Add Package
2) Add Vehicle
3) Activate Prime Day
4) Send Vehicle
5) Print Statistics
6) Exit
===========================

==========Options==========
1) Add Package
2) Add Vehicle
3) Deactivate Prime Day
4) Send Vehicle
5) Print Statistics
6) Exit
===========================

==========Options==========
1) Add Package
2) Add Vehicle
3) Activate Prime Day
4) Send Vehicle
5) Print Statistics
6) Exit
===========================

==========Options==========
1) Add Package
2) Add Vehicle
3) Deactivate Prime Day
4) Send Vehicle
5) Print Statistics
6) Exit
===========================

==========Options==========
1) Add Package
2) Add Vehicle
3) Activate Prime Day
4) Send Vehicle
5) Print Statistics
6) Exit
===========================

