==========Options==========
1) Add Package
2) Add Vehicle
3) Activate Prime Day
4) Send Vehicle
5) Print Statistics
6) Exit
===========================

Vehicle Options:
1) Truck
2) Drone
3) Cargo Plane
Enter License Plate No.:
Enter Maximum Carry Weight:
==========Options==========
1) Add Package
2) Add Vehicle
3) Activate Prime Day
4) Send Vehicle
5) Print Statistics
6) Exit
===========================

Vehicle Options:
1) Truck
2) Drone
3) Cargo Plane
Enter License Plate No.:
Enter Maximum Carry Weight:
==========Options==========
1) Add Package
2) Add Vehicle
3) Activate Prime Day
4) Send Vehicle
5) Print Statistics
6) Exit
===========================

Vehicle Options:
1) Truck
2) Drone
3) Cargo Plane
Enter License Plate No.:
Enter Maximum Carry Weight:
==========Options==========
1) Add Package
2) Add Vehicle
3) Activate Prime Day
4) Send Vehicle
5) Print Statistics
6) Exit
===========================

