==========Options==========
1) Add Package
2) Add Vehicle
3) Activate Prime Day
4) Send Vehicle
5) Print Statistics
6) Exit
===========================

==========Statistics==========
Profits:                     $0.00
Packages Shipped:                0
Packages in Warehouse:           0
==============================

==========Options==========
1) Add Package
2) Add Vehicle
3) Activate Prime Day
4) Send Vehicle
5) Print Statistics
6) Exit
===========================

